This is pdfTeX, Version 3.141592653-2.6-1.40.29 (TeX Live 2026) (preloaded format=pdflatex 2026.6.20)  28 SEP 2026 17:03
entering extended mode
 restricted \write18 enabled.
 %&-line parsing enabled.
**izvestaj.tex
(./izvestaj.tex
LaTeX2e <2026-06-01>
L3 programming layer <2026-06-18>
(/usr/local/texlive/2026/texmf-dist/tex/latex/base/article.cls
Document Class: article 2025/01/22 v1.4n Standard LaTeX document class
(/usr/local/texlive/2026/texmf-dist/tex/latex/base/size12.clo
File: size12.clo 2025/01/22 v1.4n Standard LaTeX file (size option)
)
\c@part=\count276
\c@section=\count277
\c@subsection=\count278
\c@subsubsection=\count279
\c@paragraph=\count280
\c@subparagraph=\count281
\c@figure=\count282
\c@table=\count283
\abovecaptionskip=\skip49
\belowcaptionskip=\skip50
\bibindent=\dimen150
)
(/usr/local/texlive/2026/texmf-dist/tex/generic/babel/babel.sty
Package: babel 2026/06/14 v26.9 The multilingual framework for LuaLaTeX, pdfLaT
eX and XeLaTeX
\babel@savecnt=\count284
LaTeX Encoding Info:    Redeclaring text command \ij (encoding OT1) on input li
ne 2084.
LaTeX Encoding Info:    Redeclaring text command \IJ (encoding OT1) on input li
ne 2086.
LaTeX Encoding Info:    Redeclaring text command \ij (encoding T1) on input lin
e 2088.
LaTeX Encoding Info:    Redeclaring text command \IJ (encoding T1) on input lin
e 2089.
LaTeX Encoding Info:    Ignoring declaration for text command \ij (encoding ?) 
on input line 2090.
LaTeX Encoding Info:    Ignoring declaration for text command \IJ (encoding ?) 
on input line 2092.
LaTeX Encoding Info:    Ignoring declaration for text command \SS (encoding ?) 
on input line 2117.
\U@D=\dimen151
\l@unhyphenated=\language91

(/usr/local/texlive/2026/texmf-dist/tex/generic/babel/txtbabel.def)
\bbl@readstream=\read2
\bbl@dirlevel=\count285

(/usr/local/texlive/2026/texmf-dist/tex/generic/babel/locale/sr/babel-serbian.t
ex)

Package babel Warning: The name 'serbian' with the 'ldf' mechanism is
(babel)                currently assigned to the Latin script. For
(babel)                the Cyrillic script, use the name 'serbianc'.
(babel)                Reported on input line 4380.

Package babel Info: Importing font and identification data for 'serbian'
(babel)             from babel-sr-Latn.ini. Reported on input line 4380.
(/usr/local/texlive/2026/texmf-dist/tex/generic/babel-serbian/serbian.ldf
Language: serbian 2022/09/30 2.2a Serbian Latin support for the Babel system
Package babel Info: Making " an active character on input line 46.
\srbl@lettering=\count286
))
(/usr/local/texlive/2026/texmf-dist/tex/latex/base/inputenc.sty
Package: inputenc 2024/02/08 v1.3d Input encoding file
\inpenc@prehook=\toks17
\inpenc@posthook=\toks18
)
(/usr/local/texlive/2026/texmf-dist/tex/latex/graphics/graphicx.sty
Package: graphicx 2026-05-17 v1.2e Enhanced LaTeX Graphics (DPC,SPQR)

(/usr/local/texlive/2026/texmf-dist/tex/latex/graphics/keyval.sty
Package: keyval 2026-05-17 v1.15 key=value parser (DPC)
\KV@toks@=\toks19
)
(/usr/local/texlive/2026/texmf-dist/tex/latex/graphics/graphics.sty
Package: graphics 2026-05-17 v1.4h Standard LaTeX Graphics (DPC,SPQR)

(/usr/local/texlive/2026/texmf-dist/tex/latex/graphics/trig.sty
Package: trig 2023/12/02 v1.11 sin cos tan (DPC)
)
(/usr/local/texlive/2026/texmf-dist/tex/latex/graphics-cfg/graphics.cfg
File: graphics.cfg 2016/06/04 v1.11 sample graphics configuration
)
Package graphics Info: Driver file: pdftex.def on input line 106.

(/usr/local/texlive/2026/texmf-dist/tex/latex/graphics-def/pdftex.def
File: pdftex.def 2025/09/29 v1.2d Graphics/color driver for pdftex
))
\Gin@req@height=\dimen152
\Gin@req@width=\dimen153
)
(/usr/local/texlive/2026/texmf-dist/tex/latex/pdflscape/pdflscape.sty
Package: pdflscape 2025-06-23 v0.14 Display of landscape pages in PDF

(/usr/local/texlive/2026/texmf-dist/tex/latex/pdflscape/pdflscape-nometadata.st
y
Package: pdflscape-nometadata 2025-06-23 v0.14 Display of landscape pages in PD
F (HO)
 (/usr/local/texlive/2026/texmf-dist/tex/generic/iftex/iftex.sty
Package: iftex 2024/12/12 v1.0g TeX engine tests
)
(/usr/local/texlive/2026/texmf-dist/tex/latex/graphics/lscape.sty
Package: lscape 2020/05/28 v3.02 Landscape Pages (DPC)
)
Package pdflscape Info: Auto-detected driver: pdftex on input line 81.
))
(/usr/local/texlive/2026/texmf-dist/tex/latex/booktabs/booktabs.sty
Package: booktabs 2020/01/12 v1.61803398 Publication quality tables
\heavyrulewidth=\dimen154
\lightrulewidth=\dimen155
\cmidrulewidth=\dimen156
\belowrulesep=\dimen157
\belowbottomsep=\dimen158
\aboverulesep=\dimen159
\abovetopsep=\dimen160
\cmidrulesep=\dimen161
\cmidrulekern=\dimen162
\defaultaddspace=\dimen163
\@cmidla=\count287
\@cmidlb=\count288
\@aboverulesep=\dimen164
\@belowrulesep=\dimen165
\@thisruleclass=\count289
\@lastruleclass=\count290
\@thisrulewidth=\dimen166
)
(/usr/local/texlive/2026/texmf-dist/tex/latex/tools/tabularx.sty
Package: tabularx 2023/12/11 v2.12a `tabularx' package (DPC)

(/usr/local/texlive/2026/texmf-dist/tex/latex/tools/array.sty
Package: array 2026/02/24 v2.7b Tabular extension package (FMi)
\col@sep=\dimen167
\ar@mcellbox=\box53
\extrarowheight=\dimen168
\NC@list=\toks20
\extratabsurround=\skip51
\backup@length=\skip52
\ar@cellbox=\box54
)
\TX@col@width=\dimen169
\TX@old@table=\dimen170
\TX@old@col=\dimen171
\TX@target=\dimen172
\TX@delta=\dimen173
\TX@cols=\count291
\TX@ftn=\toks21
)
(/usr/local/texlive/2026/texmf-dist/tex/latex/enumitem/enumitem.sty
Package: enumitem 2025/02/06 v3.11 Customized lists
\labelindent=\skip53
\enit@outerparindent=\dimen174
\enit@toks=\toks22
\enit@inbox=\box55
\enit@count@id=\count292
\enitdp@description=\count293
)
(/usr/local/texlive/2026/texmf-dist/tex/latex/l3backend/l3backend-pdftex.def
File: l3backend-pdftex.def 2026-02-18 L3 backend support: PDF output (pdfTeX)
\l__color_backend_stack_int=\count294
)
(./izvestaj.aux
Package babel Info: 'serbian' activates 'serbian' shorthands.
(babel)             Reported on input line 5.


LaTeX Warning: Label `fig:churn-po-paketu' multiply defined.


LaTeX Warning: Label `fig:churn-po-paketu' multiply defined.


LaTeX Warning: Label `fig:paket-rekl' multiply defined.

)
\openout1 = `izvestaj.aux'.

LaTeX Font Info:    Checking defaults for OML/cmm/m/it on input line 14.
LaTeX Font Info:    ... okay on input line 14.
LaTeX Font Info:    Checking defaults for OMS/cmsy/m/n on input line 14.
LaTeX Font Info:    ... okay on input line 14.
LaTeX Font Info:    Checking defaults for OT1/cmr/m/n on input line 14.
LaTeX Font Info:    ... okay on input line 14.
LaTeX Font Info:    Checking defaults for T1/cmr/m/n on input line 14.
LaTeX Font Info:    ... okay on input line 14.
LaTeX Font Info:    Checking defaults for TS1/cmr/m/n on input line 14.
LaTeX Font Info:    ... okay on input line 14.
LaTeX Font Info:    Checking defaults for OMX/cmex/m/n on input line 14.
LaTeX Font Info:    ... okay on input line 14.
LaTeX Font Info:    Checking defaults for U/cmr/m/n on input line 14.
LaTeX Font Info:    ... okay on input line 14.
 (/usr/local/texlive/2026/texmf-dist/tex/context/base/mkii/supp-pdf.mkii
[Loading MPS to PDF converter (version 2006.09.02).]
\scratchcounter=\count295
\scratchdimen=\dimen175
\scratchbox=\box56
\nofMPsegments=\count296
\nofMParguments=\count297
\everyMPshowfont=\toks23
\MPscratchCnt=\count298
\MPscratchDim=\dimen176
\MPnumerator=\count299
\makeMPintoPDFobject=\count300
\everyMPtoPDFconversion=\toks24
) (/usr/local/texlive/2026/texmf-dist/tex/latex/epstopdf-pkg/epstopdf-base.sty
Package: epstopdf-base 2020-01-24 v2.11 Base part for package epstopdf
Package epstopdf-base Info: Redefining graphics rule for `.eps' on input line 4
85.

(/usr/local/texlive/2026/texmf-dist/tex/latex/latexconfig/epstopdf-sys.cfg
File: epstopdf-sys.cfg 2010/07/13 v1.3 Configuration of (r)epstopdf for TeX Liv
e
))
Package babel Info: Main language set to 'serbian'.
LaTeX Font Info:    External font `cmex10' loaded for size
(Font)              <14.4> on input line 16.
LaTeX Font Info:    External font `cmex10' loaded for size
(Font)              <7> on input line 16.
LaTeX Font Info:    External font `cmex10' loaded for size
(Font)              <5> on input line 16.
LaTeX Font Info:    External font `cmex10' loaded for size
(Font)              <10.95> on input line 31.
LaTeX Font Info:    External font `cmex10' loaded for size
(Font)              <8> on input line 31.
LaTeX Font Info:    External font `cmex10' loaded for size
(Font)              <6> on input line 31.

Overfull \hbox (48.41069pt too wide) in paragraph at lines 50--88
 [][] 
 []


Overfull \hbox (48.41069pt too wide) in paragraph at lines 95--133
 [][] 
 []

[1

{/usr/local/texlive/2026/texmf-var/fonts/map/pdftex/updmap/pdftex.map}{/usr/loc
al/texlive/2026/texmf-dist/fonts/enc/dvips/cm-super/cm-super-ts1.enc}]
[2] [3] [4] [5

]
LaTeX Font Info:    External font `cmex10' loaded for size
(Font)              <12> on input line 250.
<../rezultati/grafikoni/tipican_mesecni_racun.png, id=30, 450.85362pt x 335.221
62pt>
File: ../rezultati/grafikoni/tipican_mesecni_racun.png Graphic file (type png)
<use ../rezultati/grafikoni/tipican_mesecni_racun.png>
Package pdftex.def Info: ../rezultati/grafikoni/tipican_mesecni_racun.png  used
 on input line 263.
(pdftex.def)             Requested size: 390.0pt x 289.97806pt.
<../rezultati/grafikoni/churn_po_seg.png, id=32, 462.528pt x 346.896pt>
File: ../rezultati/grafikoni/churn_po_seg.png Graphic file (type png)
<use ../rezultati/grafikoni/churn_po_seg.png>
Package pdftex.def Info: ../rezultati/grafikoni/churn_po_seg.png  used on input
 line 275.
(pdftex.def)             Requested size: 390.0pt x 292.5128pt.
<../rezultati/grafikoni/korelaciona_mat.png, id=33, 1084.05pt x 722.7pt>
File: ../rezultati/grafikoni/korelaciona_mat.png Graphic file (type png)
<use ../rezultati/grafikoni/korelaciona_mat.png>
Package pdftex.def Info: ../rezultati/grafikoni/korelaciona_mat.png  used on in
put line 320.
(pdftex.def)             Requested size: 585.0pt x 390.00958pt.

Overfull \hbox (112.25282pt too wide) in paragraph at lines 319--321
[]|  [] 
 []

[6

] [7 <../rezultati/grafikoni/tipican_mesecni_racun.png>] [8 <../rezultati/grafi
koni/churn_po_seg.png>] [9 <../rezultati/grafikoni/korelaciona_mat.png>]
Overfull \hbox (73.588pt too wide) in paragraph at lines 340--349
 [][] 
 []

<../rezultati/grafikoni/kanal_tip.png, id=53, 462.528pt x 346.896pt>
File: ../rezultati/grafikoni/kanal_tip.png Graphic file (type png)
<use ../rezultati/grafikoni/kanal_tip.png>
Package pdftex.def Info: ../rezultati/grafikoni/kanal_tip.png  used on input li
ne 369.
(pdftex.def)             Requested size: 390.0pt x 292.5128pt.
<../rezultati/grafikoni/potrosnja_18-29.png, id=54, 462.528pt x 346.896pt>
File: ../rezultati/grafikoni/potrosnja_18-29.png Graphic file (type png)
<use ../rezultati/grafikoni/potrosnja_18-29.png>
Package pdftex.def Info: ../rezultati/grafikoni/potrosnja_18-29.png  used on in
put line 376.
(pdftex.def)             Requested size: 390.0pt x 292.5128pt.
<../rezultati/grafikoni/paket_kanal.png, id=55, 462.528pt x 346.896pt>
File: ../rezultati/grafikoni/paket_kanal.png Graphic file (type png)
<use ../rezultati/grafikoni/paket_kanal.png>
Package pdftex.def Info: ../rezultati/grafikoni/paket_kanal.png  used on input 
line 384.
(pdftex.def)             Requested size: 390.0pt x 292.5128pt.
[10] [11 <../rezultati/grafikoni/kanal_tip.png>] [12 <../rezultati/grafikoni/po
trosnja_18-29.png>] [13 <../rezultati/grafikoni/paket_kanal.png>]
<../rezultati/grafikoni/churn_po_staz.png, id=74, 1011.78pt x 722.7pt>
File: ../rezultati/grafikoni/churn_po_staz.png Graphic file (type png)
<use ../rezultati/grafikoni/churn_po_staz.png>
Package pdftex.def Info: ../rezultati/grafikoni/churn_po_staz.png  used on inpu
t line 398.
(pdftex.def)             Requested size: 545.99762pt x 389.99855pt.

Overfull \hbox (73.25044pt too wide) in paragraph at lines 396--399
[]|  [] 
 []

<../rezultati/grafikoni/churn_po_rekl_ocena.png, id=75, 1011.78pt x 722.7pt>
File: ../rezultati/grafikoni/churn_po_rekl_ocena.png Graphic file (type png)
<use ../rezultati/grafikoni/churn_po_rekl_ocena.png>
Package pdftex.def Info: ../rezultati/grafikoni/churn_po_rekl_ocena.png  used o
n input line 406.
(pdftex.def)             Requested size: 585.0pt x 417.86504pt.

Overfull \hbox (112.25282pt too wide) in paragraph at lines 404--407
[]|  [] 
 []

<../rezultati/grafikoni/boxplot_racun.png, id=76, 722.7pt x 433.62pt>
File: ../rezultati/grafikoni/boxplot_racun.png Graphic file (type png)
<use ../rezultati/grafikoni/boxplot_racun.png>
Package pdftex.def Info: ../rezultati/grafikoni/boxplot_racun.png  used on inpu
t line 414.
(pdftex.def)             Requested size: 526.50238pt x 315.90479pt.

Overfull \hbox (53.7552pt too wide) in paragraph at lines 412--415
[]|  [] 
 []

[14 <../rezultati/grafikoni/churn_po_staz.png>] [15 <../rezultati/grafikoni/chu
rn_po_rekl_ocena.png>] [16 <../rezultati/grafikoni/boxplot_racun.png>] [17]
(./izvestaj.aux)
 ***********
LaTeX2e <2026-06-01>
L3 programming layer <2026-06-18>
 ***********


LaTeX Warning: There were multiply-defined labels.

 ) 
Here is how much of TeX's memory you used:
 3313 strings out of 467168
 59335 string characters out of 5409468
 490155 words of memory out of 5000000
 32560 multiletter control sequences out of 15000+600000
 636116 words of font info for 68 fonts, out of 8000000 for 9000
 1141 hyphenation exceptions out of 8191
 63i,13n,65p,315b,364s stack positions out of 10000i,1000n,20000p,200000b,200000s
</usr/local/texlive/2026/texmf-dist/fonts/type1/public/amsfonts/cm/cmbx10.pfb
></usr/local/texlive/2026/texmf-dist/fonts/type1/public/amsfonts/cm/cmbx12.pfb>
</usr/local/texlive/2026/texmf-dist/fonts/type1/public/amsfonts/cm/cmmi10.pfb><
/usr/local/texlive/2026/texmf-dist/fonts/type1/public/amsfonts/cm/cmmi12.pfb></
usr/local/texlive/2026/texmf-dist/fonts/type1/public/amsfonts/cm/cmr10.pfb></us
r/local/texlive/2026/texmf-dist/fonts/type1/public/amsfonts/cm/cmr12.pfb></usr/
local/texlive/2026/texmf-dist/fonts/type1/public/amsfonts/cm/cmr17.pfb></usr/lo
cal/texlive/2026/texmf-dist/fonts/type1/public/amsfonts/cm/cmr7.pfb></usr/local
/texlive/2026/texmf-dist/fonts/type1/public/amsfonts/cm/cmr8.pfb></usr/local/te
xlive/2026/texmf-dist/fonts/type1/public/amsfonts/cm/cmsy10.pfb></usr/local/tex
live/2026/texmf-dist/fonts/type1/public/amsfonts/cm/cmsy8.pfb></usr/local/texli
ve/2026/texmf-dist/fonts/type1/public/amsfonts/cm/cmti12.pfb></usr/local/texliv
e/2026/texmf-dist/fonts/type1/public/amsfonts/cm/cmtt10.pfb></usr/local/texlive
/2026/texmf-dist/fonts/type1/public/amsfonts/cm/cmtt12.pfb></usr/local/texlive/
2026/texmf-dist/fonts/type1/public/cm-super/sfrm0700.pfb></usr/local/texlive/20
26/texmf-dist/fonts/type1/public/cm-super/sfrm1000.pfb></usr/local/texlive/2026
/texmf-dist/fonts/type1/public/cm-super/sfrm1200.pfb>
Output written on izvestaj.pdf (17 pages, 690172 bytes).
PDF statistics:
 164 PDF objects out of 1000 (max. 8388607)
 92 compressed objects within 1 object stream
 0 named destinations out of 1000 (max. 500000)
 46 words of extra memory for PDF output out of 10000 (max. 10000000)

